                                                                 &  00_baseline  &  01_inhale_invariant  &  02_assert_invariant  &  03_assignment_pure  &  04_assignment_field  &  05_assignment_disjoint_ref  &  06_assignment_disjoint_ref_disjoint_field  &  07_assignment_disjoint_ref_quantified  &  08_assignment_disjoint_ref_disjoint_field_quantified  &  09_fold_unfold_with_implication  &  10_function_add_pure  &  11_function_add_impure  &  12_method_call_pure  &  13_method_call_impure  &  14_branch  &  15_branch_nested  &  16_branch_infeasible  &  17_branch_function  &  18_while_pure  &  19_while_perm  &  20_magic_wand  &  21_quasihavoc  &  22_quasihavoc_disjoint_ref  &  23_quasihavoc_disjoint_ref_disjoint_field  &  24_goto_pure  &  25_unrelated_sync_points
dependencyAnalysisTests/precisionTests/branches                  &     1.000     &         1.000         &         1.000         &        1.000         &         1.000         &            1.000             &                    1.000                    &                  1.000                  &                         1.000                          &               0.852               &         1.000          &          1.000           &         1.000         &          1.000          &    1.000    &       0.932        &         0.871          &        0.762         &      1.000      &      1.000      &      1.000      &      1.000      &            1.000             &                    1.000                    &     1.000      &           1.000           \\ 
dependencyAnalysisTests/precisionTests/domain                    &     1.000     &         0.963         &         0.972         &        1.000         &         1.000         &            1.000             &                    1.000                    &                  1.000                  &                         1.000                          &               0.887               &         0.989          &          1.000           &         1.000         &          1.000          &    1.000    &       1.000        &         0.886          &        1.000         &      1.000      &      1.000      &      1.000      &      0.960      &            1.000             &                    1.000                    &     1.000      &           1.000           \\ 
dependencyAnalysisTests/precisionTests/function-call             &     1.000     &         1.000         &         1.000         &        1.000         &         1.000         &            1.000             &                    1.000                    &                  1.000                  &                         1.000                          &               0.894               &         1.000          &          1.000           &         1.000         &          1.000          &    1.000    &       1.000        &         0.927          &        1.000         &      1.000      &      1.000      &      1.000      &      1.000      &            1.000             &                    1.000                    &     1.000      &           1.000           \\ 
dependencyAnalysisTests/precisionTests/inhaleExhale              &     1.000     &         0.963         &         0.972         &        1.000         &         1.000         &            1.000             &                    1.000                    &                  0.891                  &                         1.000                          &               0.889               &         1.000          &          0.972           &         1.000         &          0.972          &    1.000    &       1.000        &         0.917          &        0.944         &       NaN       &       NaN       &      0.944      &      0.928      &            0.867             &                    1.000                    &     1.000      &           1.000           \\ 
dependencyAnalysisTests/precisionTests/loops                     &     1.000     &         1.000         &         1.000         &        1.000         &         1.000         &            1.000             &                    1.000                    &                  1.000                  &                         1.000                          &               0.863               &         1.000          &          1.000           &         1.000         &          1.000          &    1.000    &       1.000        &         0.891          &        0.940         &       NaN       &      1.000      &      1.000      &      1.000      &            1.000             &                    1.000                    &      NaN       &           1.000           \\ 
dependencyAnalysisTests/precisionTests/magicWands                &     1.000     &         1.000         &         1.000         &        1.000         &         1.000         &            1.000             &                    1.000                    &                  0.981                  &                         1.000                          &               0.838               &         1.000          &          0.974           &         1.000         &          0.974          &    1.000    &       1.000        &         0.881          &        1.000         &       NaN       &       NaN       &      0.956      &      0.970      &            0.962             &                    1.000                    &     1.000      &           1.000           \\ 
dependencyAnalysisTests/precisionTests/method-call               &     1.000     &         1.000         &         1.000         &        1.000         &         1.000         &            1.000             &                    1.000                    &                  1.000                  &                         1.000                          &               0.899               &         1.000          &          1.000           &         1.000         &          1.000          &    1.000    &       1.000        &         0.929          &        1.000         &      1.000      &      1.000      &      1.000      &      1.000      &            1.000             &                    1.000                    &     1.000      &           1.000           \\ 
dependencyAnalysisTests/precisionTests/misc                      &     1.000     &         1.000         &         1.000         &        1.000         &         1.000         &            1.000             &                    1.000                    &                  0.938                  &                         1.000                          &               0.950               &         1.000          &          1.000           &         1.000         &          1.000          &    1.000    &       1.000        &         0.958          &        1.000         &      1.000      &      1.000      &      1.000      &      0.958      &            0.958             &                    1.000                    &     1.000      &           1.000           \\ 
dependencyAnalysisTests/precisionTests/permWildcard              &     1.000     &         1.000         &         1.000         &        1.000         &          NaN          &            1.000             &                    1.000                    &                  0.907                  &                         1.000                          &               0.833               &         1.000          &          0.963           &         1.000         &          0.963          &    1.000    &       1.000        &         0.852          &        0.921         &       NaN       &       NaN       &      1.000      &       NaN       &            0.833             &                    1.000                    &     1.000      &           1.000           \\ 
dependencyAnalysisTests/precisionTests/permissions               &     1.000     &         1.000         &         1.000         &        1.000         &         1.000         &            1.000             &                    1.000                    &                  0.892                  &                         1.000                          &               0.746               &         1.000          &          0.967           &         1.000         &          0.967          &    1.000    &       1.000        &         0.767          &        1.000         &       NaN       &       NaN       &      0.956      &      0.783      &            0.738             &                    1.000                    &     1.000      &           1.000           \\ 
dependencyAnalysisTests/precisionTests/predicates                &     1.000     &         0.822         &         0.870         &        1.000         &         1.000         &            1.000             &                    1.000                    &                  0.987                  &                         1.000                          &               0.759               &         1.000          &          1.000           &         1.000         &          1.000          &    1.000    &       0.923        &         0.796          &        0.876         &       NaN       &       NaN       &      1.000      &      0.987      &            0.987             &                    1.000                    &     1.000      &           1.000           \\ 
dependencyAnalysisTests/precisionTests/quantifiedPermissions     &     1.000     &         0.917         &         0.943         &        1.000         &         1.000         &            1.000             &                    1.000                    &                  0.902                  &                         1.000                          &               0.754               &         1.000          &          0.917           &          NaN          &          0.907          &    1.000    &       0.919        &         0.824          &        0.908         &       NaN       &       NaN       &      0.938      &      0.829      &            0.754             &                    1.000                    &      NaN       &           0.957           \\ 
